// Jest Snapshot v1, https://goo.gl/fbAQLP

exports[`<Temperature/> should render props correctly 1`] = `
<div
  className="temperature"
>
  <div
    className="temperature-value"
  >
    <svg
      className="icon"
      height="96px"
      width="96px"
    >
      <use
        aria-label="icon"
        xlinkHref="icons/icons.svg#clouds"
      />
    </svg>
    <h2
      aria-label="temp"
    >
      23
       Â°C
    </h2>
  </div>
  <h3
    aria-label="desc"
  >
    Clouds
  </h3>
</div>
`;
