// Jest Snapshot v1, https://goo.gl/fbAQLP

exports[`<ForecastToday/> should render correctly 1`] = `ReactWrapper {}`;
